// Vitest Snapshot v1, https://vitest.dev/guide/snapshot.html

exports[`ErrorBoundary > matches snapshot for error UI 1`] = `
<div>
  <div
    data-testid="recovered"
  />
</div>
`;
